# CMAKE generated file: DO NOT EDIT!
# Generated by "Ninja" Generator, CMake Version 4.3

# This file contains all the build statements describing the
# compilation DAG.

# =============================================================================
# Write statements declared in CMakeLists.txt:
# 
# Which is the root file.
# =============================================================================

# =============================================================================
# Project: glew
# Configurations: Release
# =============================================================================

#############################################
# Minimal version of Ninja required by this file

ninja_required_version = 1.5


#############################################
# Set configuration variable for custom commands.

CONFIGURATION = Release
# =============================================================================
# Include auxiliary files.


#############################################
# Include rules file.

include CMakeFiles\rules.ninja

# =============================================================================

#############################################
# Logical path to working directory; prefix for absolute paths.

cmake_ninja_workdir = C$:\Users\chanw\OneDrive\Desktop\과제\2학년\컴퓨터$ 그래픽스\Project2\vcpkg_installed\x64-windows\vcpkg\blds\glew\x64-windows-rel\
# =============================================================================
# Object build statements for SHARED_LIBRARY target glew


#############################################
# Order-only phony target for glew

build cmake_object_order_depends_target_glew: phony || .

build CMakeFiles\glew.dir\7cd7ff16678ad4e79371b71a635ccb33\vcpkg\blds\glew\src\glew-8cf78e348c.clean\src\glew.c.obj: C_COMPILER__glew_unscanned_Release C$:\Users\chanw\OneDrive\Desktop\과제\2학년\컴퓨터$ 그래픽스\Project2\vcpkg_installed\x64-windows\vcpkg\blds\glew\src\glew-8cf78e348c.clean\src\glew.c || cmake_object_order_depends_target_glew
  CONFIG = Release
  DEFINES = -DGLEW_BUILD -DGLEW_NO_GLU -DVC_EXTRALEAN -Dglew_EXPORTS
  FLAGS = /nologo /DWIN32 /D_WINDOWS /utf-8 /MP  /MD /O2 /Oi /Gy /DNDEBUG /Z7  -MD -GS-
  INCLUDES = -I"C:\Users\chanw\OneDrive\Desktop\과제\2학년\컴퓨터 그래픽스\Project2\vcpkg_installed\x64-windows\vcpkg\blds\glew\src\glew-8cf78e348c.clean\build\cmake\..\..\include"
  OBJECT_DIR = CMakeFiles\glew.dir
  OBJECT_FILE_DIR = CMakeFiles\glew.dir\7cd7ff16678ad4e79371b71a635ccb33\vcpkg\blds\glew\src\glew-8cf78e348c.clean\src
  TARGET_COMPILE_PDB = CMakeFiles\glew.dir\
  TARGET_PDB = bin\glew32.pdb
  TARGET_SUPPORT_DIR = CMakeFiles\glew.dir

build CMakeFiles\glew.dir\2e04645e91634d0af49b7e33d91af21e\blds\glew\src\glew-8cf78e348c.clean\build\glew.rc.res: RC_COMPILER__glew_unscanned_Release C$:\Users\chanw\OneDrive\Desktop\과제\2학년\컴퓨터$ 그래픽스\Project2\vcpkg_installed\x64-windows\vcpkg\blds\glew\src\glew-8cf78e348c.clean\build\glew.rc || cmake_object_order_depends_target_glew
  CONFIG = Release
  DEFINES = -DGLEW_BUILD -DGLEW_NO_GLU -DVC_EXTRALEAN -Dglew_EXPORTS
  DEP_FILE = CMakeFiles\glew.dir\2e04645e91634d0af49b7e33d91af21e\blds\glew\src\glew-8cf78e348c.clean\build\glew.rc.res.d
  FLAGS = /c65001 /DWIN32
  INCLUDES = -I "C:\Users\chanw\OneDrive\Desktop\과제\2학년\컴퓨터 그래픽스\Project2\vcpkg_installed\x64-windows\vcpkg\blds\glew\src\glew-8cf78e348c.clean\build\cmake\..\..\include"
  OBJECT_DIR = CMakeFiles\glew.dir
  OBJECT_FILE_DIR = CMakeFiles\glew.dir\2e04645e91634d0af49b7e33d91af21e\blds\glew\src\glew-8cf78e348c.clean\build
  TARGET_COMPILE_PDB = CMakeFiles\glew.dir\
  TARGET_PDB = bin\glew32.pdb
  TARGET_SUPPORT_DIR = CMakeFiles\glew.dir


# =============================================================================
# Link build statements for SHARED_LIBRARY target glew


#############################################
# Link the shared library bin\glew32.dll

build bin\glew32.dll lib\glew32.lib: C_SHARED_LIBRARY_LINKER__glew_Release CMakeFiles\glew.dir\7cd7ff16678ad4e79371b71a635ccb33\vcpkg\blds\glew\src\glew-8cf78e348c.clean\src\glew.c.obj CMakeFiles\glew.dir\2e04645e91634d0af49b7e33d91af21e\blds\glew\src\glew-8cf78e348c.clean\build\glew.rc.res
  CONFIG = Release
  LANGUAGE_COMPILE_FLAGS = /nologo /DWIN32 /D_WINDOWS /utf-8 /MP  /MD /O2 /Oi /Gy /DNDEBUG /Z7  -MD
  LINK_FLAGS = /machine:x64 /nologo /DEBUG /INCREMENTAL:NO /OPT:REF /OPT:ICF
  LINK_LIBRARIES = opengl32.lib  kernel32.lib user32.lib gdi32.lib winspool.lib shell32.lib ole32.lib oleaut32.lib uuid.lib comdlg32.lib advapi32.lib
  OBJECT_DIR = CMakeFiles\glew.dir
  POST_BUILD = cd .
  PRE_LINK = cd .
  RESTAT = 1
  TARGET_COMPILE_PDB = CMakeFiles\glew.dir\
  TARGET_FILE = bin\glew32.dll
  TARGET_IMPLIB = lib\glew32.lib
  TARGET_PDB = bin\glew32.pdb
  TARGET_SUPPORT_DIR = CMakeFiles\glew.dir

# =============================================================================
# Object build statements for STATIC_LIBRARY target glew_s


#############################################
# Order-only phony target for glew_s

build cmake_object_order_depends_target_glew_s: phony || .

build CMakeFiles\glew_s.dir\7cd7ff16678ad4e79371b71a635ccb33\vcpkg\blds\glew\src\glew-8cf78e348c.clean\src\glew.c.obj: C_COMPILER__glew_s_unscanned_Release C$:\Users\chanw\OneDrive\Desktop\과제\2학년\컴퓨터$ 그래픽스\Project2\vcpkg_installed\x64-windows\vcpkg\blds\glew\src\glew-8cf78e348c.clean\src\glew.c || cmake_object_order_depends_target_glew_s
  CONFIG = Release
  DEFINES = -DGLEW_NO_GLU -DGLEW_STATIC -DVC_EXTRALEAN
  FLAGS = /nologo /DWIN32 /D_WINDOWS /utf-8 /MP  /MD /O2 /Oi /Gy /DNDEBUG /Z7  -MD -GS-
  INCLUDES = -I"C:\Users\chanw\OneDrive\Desktop\과제\2학년\컴퓨터 그래픽스\Project2\vcpkg_installed\x64-windows\vcpkg\blds\glew\src\glew-8cf78e348c.clean\build\cmake\..\..\include"
  OBJECT_DIR = CMakeFiles\glew_s.dir
  OBJECT_FILE_DIR = CMakeFiles\glew_s.dir\7cd7ff16678ad4e79371b71a635ccb33\vcpkg\blds\glew\src\glew-8cf78e348c.clean\src
  TARGET_COMPILE_PDB = CMakeFiles\glew_s.dir\glew_s.pdb
  TARGET_PDB = lib\libglew32.pdb
  TARGET_SUPPORT_DIR = CMakeFiles\glew_s.dir

build CMakeFiles\glew_s.dir\2e04645e91634d0af49b7e33d91af21e\blds\glew\src\glew-8cf78e348c.clean\build\glew.rc.res: RC_COMPILER__glew_s_unscanned_Release C$:\Users\chanw\OneDrive\Desktop\과제\2학년\컴퓨터$ 그래픽스\Project2\vcpkg_installed\x64-windows\vcpkg\blds\glew\src\glew-8cf78e348c.clean\build\glew.rc || cmake_object_order_depends_target_glew_s
  CONFIG = Release
  DEFINES = -DGLEW_NO_GLU -DGLEW_STATIC -DVC_EXTRALEAN
  DEP_FILE = CMakeFiles\glew_s.dir\2e04645e91634d0af49b7e33d91af21e\blds\glew\src\glew-8cf78e348c.clean\build\glew.rc.res.d
  FLAGS = /c65001 /DWIN32
  INCLUDES = -I "C:\Users\chanw\OneDrive\Desktop\과제\2학년\컴퓨터 그래픽스\Project2\vcpkg_installed\x64-windows\vcpkg\blds\glew\src\glew-8cf78e348c.clean\build\cmake\..\..\include"
  OBJECT_DIR = CMakeFiles\glew_s.dir
  OBJECT_FILE_DIR = CMakeFiles\glew_s.dir\2e04645e91634d0af49b7e33d91af21e\blds\glew\src\glew-8cf78e348c.clean\build
  TARGET_COMPILE_PDB = CMakeFiles\glew_s.dir\glew_s.pdb
  TARGET_PDB = lib\libglew32.pdb
  TARGET_SUPPORT_DIR = CMakeFiles\glew_s.dir


# =============================================================================
# Link build statements for STATIC_LIBRARY target glew_s


#############################################
# Link the static library lib\libglew32.lib

build lib\libglew32.lib: C_STATIC_LIBRARY_LINKER__glew_s_Release CMakeFiles\glew_s.dir\7cd7ff16678ad4e79371b71a635ccb33\vcpkg\blds\glew\src\glew-8cf78e348c.clean\src\glew.c.obj CMakeFiles\glew_s.dir\2e04645e91634d0af49b7e33d91af21e\blds\glew\src\glew-8cf78e348c.clean\build\glew.rc.res
  CONFIG = Release
  LANGUAGE_COMPILE_FLAGS = /nologo /DWIN32 /D_WINDOWS /utf-8 /MP  /MD /O2 /Oi /Gy /DNDEBUG /Z7  -MD
  LINK_FLAGS = /machine:x64 /nologo
  OBJECT_DIR = CMakeFiles\glew_s.dir
  POST_BUILD = cd .
  PRE_LINK = cd .
  TARGET_COMPILE_PDB = CMakeFiles\glew_s.dir\glew_s.pdb
  TARGET_FILE = lib\libglew32.lib
  TARGET_PDB = lib\libglew32.pdb
  TARGET_SUPPORT_DIR = CMakeFiles\glew_s.dir


#############################################
# Utility command for uninstall

build uninstall: phony CMakeFiles\uninstall


#############################################
# Utility command for edit_cache

build CMakeFiles\edit_cache.util: CUSTOM_COMMAND
  COMMAND = C:\WINDOWS\system32\cmd.exe /C "cd /D "C:\Users\chanw\OneDrive\Desktop\과제\2학년\컴퓨터 그래픽스\Project2\vcpkg_installed\x64-windows\vcpkg\blds\glew\x64-windows-rel" && C:\Users\chanw\AppData\Local\vcpkg\downloads\tools\cmake-4.3.2-windows\cmake-4.3.2-windows-x86_64\bin\cmake-gui.exe -S"C:\Users\chanw\OneDrive\Desktop\과제\2학년\컴퓨터 그래픽스\Project2\vcpkg_installed\x64-windows\vcpkg\blds\glew\src\glew-8cf78e348c.clean\build\cmake" -B"C:\Users\chanw\OneDrive\Desktop\과제\2학년\컴퓨터 그래픽스\Project2\vcpkg_installed\x64-windows\vcpkg\blds\glew\x64-windows-rel""
  DESC = Running CMake cache editor...
  pool = console
  restat = 1

build edit_cache: phony CMakeFiles\edit_cache.util


#############################################
# Utility command for rebuild_cache

build CMakeFiles\rebuild_cache.util: CUSTOM_COMMAND
  COMMAND = C:\WINDOWS\system32\cmd.exe /C "cd /D "C:\Users\chanw\OneDrive\Desktop\과제\2학년\컴퓨터 그래픽스\Project2\vcpkg_installed\x64-windows\vcpkg\blds\glew\x64-windows-rel" && C:\Users\chanw\AppData\Local\vcpkg\downloads\tools\cmake-4.3.2-windows\cmake-4.3.2-windows-x86_64\bin\cmake.exe --regenerate-during-build -S"C:\Users\chanw\OneDrive\Desktop\과제\2학년\컴퓨터 그래픽스\Project2\vcpkg_installed\x64-windows\vcpkg\blds\glew\src\glew-8cf78e348c.clean\build\cmake" -B"C:\Users\chanw\OneDrive\Desktop\과제\2학년\컴퓨터 그래픽스\Project2\vcpkg_installed\x64-windows\vcpkg\blds\glew\x64-windows-rel""
  DESC = Running CMake to regenerate build system...
  pool = console
  restat = 1

build rebuild_cache: phony CMakeFiles\rebuild_cache.util


#############################################
# Utility command for list_install_components

build list_install_components: phony


#############################################
# Utility command for install

build CMakeFiles\install.util: CUSTOM_COMMAND all
  COMMAND = C:\WINDOWS\system32\cmd.exe /C "cd /D "C:\Users\chanw\OneDrive\Desktop\과제\2학년\컴퓨터 그래픽스\Project2\vcpkg_installed\x64-windows\vcpkg\blds\glew\x64-windows-rel" && C:\Users\chanw\AppData\Local\vcpkg\downloads\tools\cmake-4.3.2-windows\cmake-4.3.2-windows-x86_64\bin\cmake.exe -P cmake_install.cmake"
  DESC = Install the project...
  pool = console
  restat = 1

build install: phony CMakeFiles\install.util


#############################################
# Utility command for install/local

build CMakeFiles\install\local.util: CUSTOM_COMMAND all
  COMMAND = C:\WINDOWS\system32\cmd.exe /C "cd /D "C:\Users\chanw\OneDrive\Desktop\과제\2학년\컴퓨터 그래픽스\Project2\vcpkg_installed\x64-windows\vcpkg\blds\glew\x64-windows-rel" && C:\Users\chanw\AppData\Local\vcpkg\downloads\tools\cmake-4.3.2-windows\cmake-4.3.2-windows-x86_64\bin\cmake.exe -DCMAKE_INSTALL_LOCAL_ONLY=1 -P cmake_install.cmake"
  DESC = Installing only the local directory...
  pool = console
  restat = 1

build install\local: phony CMakeFiles\install\local.util


#############################################
# Custom command for CMakeFiles\uninstall

build CMakeFiles\uninstall | ${cmake_ninja_workdir}CMakeFiles\uninstall: CUSTOM_COMMAND
  COMMAND = C:\WINDOWS\system32\cmd.exe /C "cd /D "C:\Users\chanw\OneDrive\Desktop\과제\2학년\컴퓨터 그래픽스\Project2\vcpkg_installed\x64-windows\vcpkg\blds\glew\x64-windows-rel" && C:\Users\chanw\AppData\Local\vcpkg\downloads\tools\cmake-4.3.2-windows\cmake-4.3.2-windows-x86_64\bin\cmake.exe -P "C:/Users/chanw/OneDrive/Desktop/과제/2학년/컴퓨터 그래픽스/Project2/vcpkg_installed/x64-windows/vcpkg/blds/glew/x64-windows-rel/cmake_uninstall.cmake""

# =============================================================================
# Target aliases.

build glew: phony bin\glew32.dll

build glew32.dll: phony bin\glew32.dll

build glew_s: phony lib\libglew32.lib

build libglew32.lib: phony lib\libglew32.lib

# =============================================================================
# Folder targets.

# =============================================================================

#############################################
# Folder: C:/Users/chanw/OneDrive/Desktop/과제/2학년/컴퓨터 그래픽스/Project2/vcpkg_installed/x64-windows/vcpkg/blds/glew/x64-windows-rel

build all: phony bin\glew32.dll

# =============================================================================
# Built-in targets


#############################################
# Re-run CMake if any of its inputs changed.

build build.ninja C$:\Users\chanw\OneDrive\Desktop\과제\2학년\컴퓨터$ 그래픽스\Project2\vcpkg_installed\x64-windows\vcpkg\blds\glew\x64-windows-rel\cmake_install.cmake: RERUN_CMAKE | C$:\Program$ Files\Microsoft$ Visual$ Studio\18\Community\VC\vcpkg\scripts\buildsystems\vcpkg.cmake C$:\Program$ Files\Microsoft$ Visual$ Studio\18\Community\VC\vcpkg\scripts\toolchains\windows.cmake C$:\Users\chanw\AppData\Local\vcpkg\downloads\tools\cmake-4.3.2-windows\cmake-4.3.2-windows-x86_64\share\cmake-4.3\Modules\CMakeCCompiler.cmake.in C$:\Users\chanw\AppData\Local\vcpkg\downloads\tools\cmake-4.3.2-windows\cmake-4.3.2-windows-x86_64\share\cmake-4.3\Modules\CMakeCCompilerABI.c C$:\Users\chanw\AppData\Local\vcpkg\downloads\tools\cmake-4.3.2-windows\cmake-4.3.2-windows-x86_64\share\cmake-4.3\Modules\CMakeCInformation.cmake C$:\Users\chanw\AppData\Local\vcpkg\downloads\tools\cmake-4.3.2-windows\cmake-4.3.2-windows-x86_64\share\cmake-4.3\Modules\CMakeCommonLanguageInclude.cmake C$:\Users\chanw\AppData\Local\vcpkg\downloads\tools\cmake-4.3.2-windows\cmake-4.3.2-windows-x86_64\share\cmake-4.3\Modules\CMakeCompilerIdDetection.cmake C$:\Users\chanw\AppData\Local\vcpkg\downloads\tools\cmake-4.3.2-windows\cmake-4.3.2-windows-x86_64\share\cmake-4.3\Modules\CMakeDependentOption.cmake C$:\Users\chanw\AppData\Local\vcpkg\downloads\tools\cmake-4.3.2-windows\cmake-4.3.2-windows-x86_64\share\cmake-4.3\Modules\CMakeDetermineCCompiler.cmake C$:\Users\chanw\AppData\Local\vcpkg\downloads\tools\cmake-4.3.2-windows\cmake-4.3.2-windows-x86_64\share\cmake-4.3\Modules\CMakeDetermineCompiler.cmake C$:\Users\chanw\AppData\Local\vcpkg\downloads\tools\cmake-4.3.2-windows\cmake-4.3.2-windows-x86_64\share\cmake-4.3\Modules\CMakeDetermineCompilerABI.cmake C$:\Users\chanw\AppData\Local\vcpkg\downloads\tools\cmake-4.3.2-windows\cmake-4.3.2-windows-x86_64\share\cmake-4.3\Modules\CMakeDetermineCompilerId.cmake C$:\Users\chanw\AppData\Local\vcpkg\downloads\tools\cmake-4.3.2-windows\cmake-4.3.2-windows-x86_64\share\cmake-4.3\Modules\CMakeDetermineCompilerSupport.cmake C$:\Users\chanw\AppData\Local\vcpkg\downloads\tools\cmake-4.3.2-windows\cmake-4.3.2-windows-x86_64\share\cmake-4.3\Modules\CMakeDetermineRCCompiler.cmake C$:\Users\chanw\AppData\Local\vcpkg\downloads\tools\cmake-4.3.2-windows\cmake-4.3.2-windows-x86_64\share\cmake-4.3\Modules\CMakeDetermineSystem.cmake C$:\Users\chanw\AppData\Local\vcpkg\downloads\tools\cmake-4.3.2-windows\cmake-4.3.2-windows-x86_64\share\cmake-4.3\Modules\CMakeFindBinUtils.cmake C$:\Users\chanw\AppData\Local\vcpkg\downloads\tools\cmake-4.3.2-windows\cmake-4.3.2-windows-x86_64\share\cmake-4.3\Modules\CMakeGenericSystem.cmake C$:\Users\chanw\AppData\Local\vcpkg\downloads\tools\cmake-4.3.2-windows\cmake-4.3.2-windows-x86_64\share\cmake-4.3\Modules\CMakeInitializeConfigs.cmake C$:\Users\chanw\AppData\Local\vcpkg\downloads\tools\cmake-4.3.2-windows\cmake-4.3.2-windows-x86_64\share\cmake-4.3\Modules\CMakeLanguageInformation.cmake C$:\Users\chanw\AppData\Local\vcpkg\downloads\tools\cmake-4.3.2-windows\cmake-4.3.2-windows-x86_64\share\cmake-4.3\Modules\CMakeParseImplicitIncludeInfo.cmake C$:\Users\chanw\AppData\Local\vcpkg\downloads\tools\cmake-4.3.2-windows\cmake-4.3.2-windows-x86_64\share\cmake-4.3\Modules\CMakeParseImplicitLinkInfo.cmake C$:\Users\chanw\AppData\Local\vcpkg\downloads\tools\cmake-4.3.2-windows\cmake-4.3.2-windows-x86_64\share\cmake-4.3\Modules\CMakeParseLibraryArchitecture.cmake C$:\Users\chanw\AppData\Local\vcpkg\downloads\tools\cmake-4.3.2-windows\cmake-4.3.2-windows-x86_64\share\cmake-4.3\Modules\CMakeRCCompiler.cmake.in C$:\Users\chanw\AppData\Local\vcpkg\downloads\tools\cmake-4.3.2-windows\cmake-4.3.2-windows-x86_64\share\cmake-4.3\Modules\CMakeRCInformation.cmake C$:\Users\chanw\AppData\Local\vcpkg\downloads\tools\cmake-4.3.2-windows\cmake-4.3.2-windows-x86_64\share\cmake-4.3\Modules\CMakeSystem.cmake.in C$:\Users\chanw\AppData\Local\vcpkg\downloads\tools\cmake-4.3.2-windows\cmake-4.3.2-windows-x86_64\share\cmake-4.3\Modules\CMakeSystemSpecificInformation.cmake C$:\Users\chanw\AppData\Local\vcpkg\downloads\tools\cmake-4.3.2-windows\cmake-4.3.2-windows-x86_64\share\cmake-4.3\Modules\CMakeSystemSpecificInitialize.cmake C$:\Users\chanw\AppData\Local\vcpkg\downloads\tools\cmake-4.3.2-windows\cmake-4.3.2-windows-x86_64\share\cmake-4.3\Modules\CMakeTestCCompiler.cmake C$:\Users\chanw\AppData\Local\vcpkg\downloads\tools\cmake-4.3.2-windows\cmake-4.3.2-windows-x86_64\share\cmake-4.3\Modules\CMakeTestCompilerCommon.cmake C$:\Users\chanw\AppData\Local\vcpkg\downloads\tools\cmake-4.3.2-windows\cmake-4.3.2-windows-x86_64\share\cmake-4.3\Modules\CMakeTestRCCompiler.cmake C$:\Users\chanw\AppData\Local\vcpkg\downloads\tools\cmake-4.3.2-windows\cmake-4.3.2-windows-x86_64\share\cmake-4.3\Modules\Compiler\ADSP-DetermineCompiler.cmake C$:\Users\chanw\AppData\Local\vcpkg\downloads\tools\cmake-4.3.2-windows\cmake-4.3.2-windows-x86_64\share\cmake-4.3\Modules\Compiler\ARMCC-DetermineCompiler.cmake C$:\Users\chanw\AppData\Local\vcpkg\downloads\tools\cmake-4.3.2-windows\cmake-4.3.2-windows-x86_64\share\cmake-4.3\Modules\Compiler\ARMClang-DetermineCompiler.cmake C$:\Users\chanw\AppData\Local\vcpkg\downloads\tools\cmake-4.3.2-windows\cmake-4.3.2-windows-x86_64\share\cmake-4.3\Modules\Compiler\AppleClang-DetermineCompiler.cmake C$:\Users\chanw\AppData\Local\vcpkg\downloads\tools\cmake-4.3.2-windows\cmake-4.3.2-windows-x86_64\share\cmake-4.3\Modules\Compiler\Borland-DetermineCompiler.cmake C$:\Users\chanw\AppData\Local\vcpkg\downloads\tools\cmake-4.3.2-windows\cmake-4.3.2-windows-x86_64\share\cmake-4.3\Modules\Compiler\Bruce-C-DetermineCompiler.cmake C$:\Users\chanw\AppData\Local\vcpkg\downloads\tools\cmake-4.3.2-windows\cmake-4.3.2-windows-x86_64\share\cmake-4.3\Modules\Compiler\CMakeCommonCompilerMacros.cmake C$:\Users\chanw\AppData\Local\vcpkg\downloads\tools\cmake-4.3.2-windows\cmake-4.3.2-windows-x86_64\share\cmake-4.3\Modules\Compiler\Clang-DetermineCompiler.cmake C$:\Users\chanw\AppData\Local\vcpkg\downloads\tools\cmake-4.3.2-windows\cmake-4.3.2-windows-x86_64\share\cmake-4.3\Modules\Compiler\Clang-DetermineCompilerInternal.cmake C$:\Users\chanw\AppData\Local\vcpkg\downloads\tools\cmake-4.3.2-windows\cmake-4.3.2-windows-x86_64\share\cmake-4.3\Modules\Compiler\Compaq-C-DetermineCompiler.cmake C$:\Users\chanw\AppData\Local\vcpkg\downloads\tools\cmake-4.3.2-windows\cmake-4.3.2-windows-x86_64\share\cmake-4.3\Modules\Compiler\Cray-DetermineCompiler.cmake C$:\Users\chanw\AppData\Local\vcpkg\downloads\tools\cmake-4.3.2-windows\cmake-4.3.2-windows-x86_64\share\cmake-4.3\Modules\Compiler\CrayClang-DetermineCompiler.cmake C$:\Users\chanw\AppData\Local\vcpkg\downloads\tools\cmake-4.3.2-windows\cmake-4.3.2-windows-x86_64\share\cmake-4.3\Modules\Compiler\Diab-DetermineCompiler.cmake C$:\Users\chanw\AppData\Local\vcpkg\downloads\tools\cmake-4.3.2-windows\cmake-4.3.2-windows-x86_64\share\cmake-4.3\Modules\Compiler\Embarcadero-DetermineCompiler.cmake C$:\Users\chanw\AppData\Local\vcpkg\downloads\tools\cmake-4.3.2-windows\cmake-4.3.2-windows-x86_64\share\cmake-4.3\Modules\Compiler\Fujitsu-DetermineCompiler.cmake C$:\Users\chanw\AppData\Local\vcpkg\downloads\tools\cmake-4.3.2-windows\cmake-4.3.2-windows-x86_64\share\cmake-4.3\Modules\Compiler\FujitsuClang-DetermineCompiler.cmake C$:\Users\chanw\AppData\Local\vcpkg\downloads\tools\cmake-4.3.2-windows\cmake-4.3.2-windows-x86_64\share\cmake-4.3\Modules\Compiler\GHS-DetermineCompiler.cmake C$:\Users\chanw\AppData\Local\vcpkg\downloads\tools\cmake-4.3.2-windows\cmake-4.3.2-windows-x86_64\share\cmake-4.3\Modules\Compiler\GNU-C-DetermineCompiler.cmake C$:\Users\chanw\AppData\Local\vcpkg\downloads\tools\cmake-4.3.2-windows\cmake-4.3.2-windows-x86_64\share\cmake-4.3\Modules\Compiler\HP-C-DetermineCompiler.cmake C$:\Users\chanw\AppData\Local\vcpkg\downloads\tools\cmake-4.3.2-windows\cmake-4.3.2-windows-x86_64\share\cmake-4.3\Modules\Compiler\IAR-DetermineCompiler.cmake C$:\Users\chanw\AppData\Local\vcpkg\downloads\tools\cmake-4.3.2-windows\cmake-4.3.2-windows-x86_64\share\cmake-4.3\Modules\Compiler\IBMCPP-C-DetermineVersionInternal.cmake C$:\Users\chanw\AppData\Local\vcpkg\downloads\tools\cmake-4.3.2-windows\cmake-4.3.2-windows-x86_64\share\cmake-4.3\Modules\Compiler\IBMClang-C-DetermineCompiler.cmake C$:\Users\chanw\AppData\Local\vcpkg\downloads\tools\cmake-4.3.2-windows\cmake-4.3.2-windows-x86_64\share\cmake-4.3\Modules\Compiler\Intel-DetermineCompiler.cmake C$:\Users\chanw\AppData\Local\vcpkg\downloads\tools\cmake-4.3.2-windows\cmake-4.3.2-windows-x86_64\share\cmake-4.3\Modules\Compiler\IntelLLVM-DetermineCompiler.cmake C$:\Users\chanw\AppData\Local\vcpkg\downloads\tools\cmake-4.3.2-windows\cmake-4.3.2-windows-x86_64\share\cmake-4.3\Modules\Compiler\LCC-C-DetermineCompiler.cmake C$:\Users\chanw\AppData\Local\vcpkg\downloads\tools\cmake-4.3.2-windows\cmake-4.3.2-windows-x86_64\share\cmake-4.3\Modules\Compiler\MSVC-C.cmake C$:\Users\chanw\AppData\Local\vcpkg\downloads\tools\cmake-4.3.2-windows\cmake-4.3.2-windows-x86_64\share\cmake-4.3\Modules\Compiler\MSVC-DetermineCompiler.cmake C$:\Users\chanw\AppData\Local\vcpkg\downloads\tools\cmake-4.3.2-windows\cmake-4.3.2-windows-x86_64\share\cmake-4.3\Modules\Compiler\MSVC.cmake C$:\Users\chanw\AppData\Local\vcpkg\downloads\tools\cmake-4.3.2-windows\cmake-4.3.2-windows-x86_64\share\cmake-4.3\Modules\Compiler\NVHPC-DetermineCompiler.cmake C$:\Users\chanw\AppData\Local\vcpkg\downloads\tools\cmake-4.3.2-windows\cmake-4.3.2-windows-x86_64\share\cmake-4.3\Modules\Compiler\NVIDIA-DetermineCompiler.cmake C$:\Users\chanw\AppData\Local\vcpkg\downloads\tools\cmake-4.3.2-windows\cmake-4.3.2-windows-x86_64\share\cmake-4.3\Modules\Compiler\OpenWatcom-DetermineCompiler.cmake C$:\Users\chanw\AppData\Local\vcpkg\downloads\tools\cmake-4.3.2-windows\cmake-4.3.2-windows-x86_64\share\cmake-4.3\Modules\Compiler\OrangeC-DetermineCompiler.cmake C$:\Users\chanw\AppData\Local\vcpkg\downloads\tools\cmake-4.3.2-windows\cmake-4.3.2-windows-x86_64\share\cmake-4.3\Modules\Compiler\PGI-DetermineCompiler.cmake C$:\Users\chanw\AppData\Local\vcpkg\downloads\tools\cmake-4.3.2-windows\cmake-4.3.2-windows-x86_64\share\cmake-4.3\Modules\Compiler\PathScale-DetermineCompiler.cmake C$:\Users\chanw\AppData\Local\vcpkg\downloads\tools\cmake-4.3.2-windows\cmake-4.3.2-windows-x86_64\share\cmake-4.3\Modules\Compiler\Renesas-DetermineCompiler.cmake C$:\Users\chanw\AppData\Local\vcpkg\downloads\tools\cmake-4.3.2-windows\cmake-4.3.2-windows-x86_64\share\cmake-4.3\Modules\Compiler\SCO-DetermineCompiler.cmake C$:\Users\chanw\AppData\Local\vcpkg\downloads\tools\cmake-4.3.2-windows\cmake-4.3.2-windows-x86_64\share\cmake-4.3\Modules\Compiler\SDCC-C-DetermineCompiler.cmake C$:\Users\chanw\AppData\Local\vcpkg\downloads\tools\cmake-4.3.2-windows\cmake-4.3.2-windows-x86_64\share\cmake-4.3\Modules\Compiler\SunPro-C-DetermineCompiler.cmake C$:\Users\chanw\AppData\Local\vcpkg\downloads\tools\cmake-4.3.2-windows\cmake-4.3.2-windows-x86_64\share\cmake-4.3\Modules\Compiler\TI-DetermineCompiler.cmake C$:\Users\chanw\AppData\Local\vcpkg\downloads\tools\cmake-4.3.2-windows\cmake-4.3.2-windows-x86_64\share\cmake-4.3\Modules\Compiler\TIClang-DetermineCompiler.cmake C$:\Users\chanw\AppData\Local\vcpkg\downloads\tools\cmake-4.3.2-windows\cmake-4.3.2-windows-x86_64\share\cmake-4.3\Modules\Compiler\Tasking-DetermineCompiler.cmake C$:\Users\chanw\AppData\Local\vcpkg\downloads\tools\cmake-4.3.2-windows\cmake-4.3.2-windows-x86_64\share\cmake-4.3\Modules\Compiler\TinyCC-C-DetermineCompiler.cmake C$:\Users\chanw\AppData\Local\vcpkg\downloads\tools\cmake-4.3.2-windows\cmake-4.3.2-windows-x86_64\share\cmake-4.3\Modules\Compiler\VisualAge-C-DetermineCompiler.cmake C$:\Users\chanw\AppData\Local\vcpkg\downloads\tools\cmake-4.3.2-windows\cmake-4.3.2-windows-x86_64\share\cmake-4.3\Modules\Compiler\Watcom-DetermineCompiler.cmake C$:\Users\chanw\AppData\Local\vcpkg\downloads\tools\cmake-4.3.2-windows\cmake-4.3.2-windows-x86_64\share\cmake-4.3\Modules\Compiler\XL-C-DetermineCompiler.cmake C$:\Users\chanw\AppData\Local\vcpkg\downloads\tools\cmake-4.3.2-windows\cmake-4.3.2-windows-x86_64\share\cmake-4.3\Modules\Compiler\XLClang-C-DetermineCompiler.cmake C$:\Users\chanw\AppData\Local\vcpkg\downloads\tools\cmake-4.3.2-windows\cmake-4.3.2-windows-x86_64\share\cmake-4.3\Modules\Compiler\zOS-C-DetermineCompiler.cmake C$:\Users\chanw\AppData\Local\vcpkg\downloads\tools\cmake-4.3.2-windows\cmake-4.3.2-windows-x86_64\share\cmake-4.3\Modules\FindOpenGL.cmake C$:\Users\chanw\AppData\Local\vcpkg\downloads\tools\cmake-4.3.2-windows\cmake-4.3.2-windows-x86_64\share\cmake-4.3\Modules\FindPackageHandleStandardArgs.cmake C$:\Users\chanw\AppData\Local\vcpkg\downloads\tools\cmake-4.3.2-windows\cmake-4.3.2-windows-x86_64\share\cmake-4.3\Modules\FindPackageMessage.cmake C$:\Users\chanw\AppData\Local\vcpkg\downloads\tools\cmake-4.3.2-windows\cmake-4.3.2-windows-x86_64\share\cmake-4.3\Modules\GNUInstallDirs.cmake C$:\Users\chanw\AppData\Local\vcpkg\downloads\tools\cmake-4.3.2-windows\cmake-4.3.2-windows-x86_64\share\cmake-4.3\Modules\Internal\CMakeCLinkerInformation.cmake C$:\Users\chanw\AppData\Local\vcpkg\downloads\tools\cmake-4.3.2-windows\cmake-4.3.2-windows-x86_64\share\cmake-4.3\Modules\Internal\CMakeCommonLinkerInformation.cmake C$:\Users\chanw\AppData\Local\vcpkg\downloads\tools\cmake-4.3.2-windows\cmake-4.3.2-windows-x86_64\share\cmake-4.3\Modules\Internal\CMakeDetermineLinkerId.cmake C$:\Users\chanw\AppData\Local\vcpkg\downloads\tools\cmake-4.3.2-windows\cmake-4.3.2-windows-x86_64\share\cmake-4.3\Modules\Internal\CMakeInspectCLinker.cmake C$:\Users\chanw\AppData\Local\vcpkg\downloads\tools\cmake-4.3.2-windows\cmake-4.3.2-windows-x86_64\share\cmake-4.3\Modules\Internal\FeatureTesting.cmake C$:\Users\chanw\AppData\Local\vcpkg\downloads\tools\cmake-4.3.2-windows\cmake-4.3.2-windows-x86_64\share\cmake-4.3\Modules\Linker\MSVC-C.cmake C$:\Users\chanw\AppData\Local\vcpkg\downloads\tools\cmake-4.3.2-windows\cmake-4.3.2-windows-x86_64\share\cmake-4.3\Modules\Linker\MSVC.cmake C$:\Users\chanw\AppData\Local\vcpkg\downloads\tools\cmake-4.3.2-windows\cmake-4.3.2-windows-x86_64\share\cmake-4.3\Modules\Platform\Linker\Windows-MSVC-C.cmake C$:\Users\chanw\AppData\Local\vcpkg\downloads\tools\cmake-4.3.2-windows\cmake-4.3.2-windows-x86_64\share\cmake-4.3\Modules\Platform\Linker\Windows-MSVC.cmake C$:\Users\chanw\AppData\Local\vcpkg\downloads\tools\cmake-4.3.2-windows\cmake-4.3.2-windows-x86_64\share\cmake-4.3\Modules\Platform\Windows-Initialize.cmake C$:\Users\chanw\AppData\Local\vcpkg\downloads\tools\cmake-4.3.2-windows\cmake-4.3.2-windows-x86_64\share\cmake-4.3\Modules\Platform\Windows-MSVC-C.cmake C$:\Users\chanw\AppData\Local\vcpkg\downloads\tools\cmake-4.3.2-windows\cmake-4.3.2-windows-x86_64\share\cmake-4.3\Modules\Platform\Windows-MSVC.cmake C$:\Users\chanw\AppData\Local\vcpkg\downloads\tools\cmake-4.3.2-windows\cmake-4.3.2-windows-x86_64\share\cmake-4.3\Modules\Platform\Windows.cmake C$:\Users\chanw\AppData\Local\vcpkg\downloads\tools\cmake-4.3.2-windows\cmake-4.3.2-windows-x86_64\share\cmake-4.3\Modules\Platform\WindowsPaths.cmake C$:\Users\chanw\OneDrive\Desktop\과제\2학년\컴퓨터$ 그래픽스\Project2\vcpkg_installed\x64-windows\vcpkg\blds\glew\src\glew-8cf78e348c.clean\build\cmake\CMakeLists.txt C$:\Users\chanw\OneDrive\Desktop\과제\2학년\컴퓨터$ 그래픽스\Project2\vcpkg_installed\x64-windows\vcpkg\blds\glew\src\glew-8cf78e348c.clean\build\cmake\cmake_uninstall.cmake.in C$:\Users\chanw\OneDrive\Desktop\과제\2학년\컴퓨터$ 그래픽스\Project2\vcpkg_installed\x64-windows\vcpkg\blds\glew\src\glew-8cf78e348c.clean\glew.pc.in CMakeCache.txt CMakeFiles\4.3.2\CMakeCCompiler.cmake CMakeFiles\4.3.2\CMakeRCCompiler.cmake CMakeFiles\4.3.2\CMakeSystem.cmake
  pool = console


#############################################
# A missing CMake input file is not an error.

build C$:\Program$ Files\Microsoft$ Visual$ Studio\18\Community\VC\vcpkg\scripts\buildsystems\vcpkg.cmake C$:\Program$ Files\Microsoft$ Visual$ Studio\18\Community\VC\vcpkg\scripts\toolchains\windows.cmake C$:\Users\chanw\AppData\Local\vcpkg\downloads\tools\cmake-4.3.2-windows\cmake-4.3.2-windows-x86_64\share\cmake-4.3\Modules\CMakeCCompiler.cmake.in C$:\Users\chanw\AppData\Local\vcpkg\downloads\tools\cmake-4.3.2-windows\cmake-4.3.2-windows-x86_64\share\cmake-4.3\Modules\CMakeCCompilerABI.c C$:\Users\chanw\AppData\Local\vcpkg\downloads\tools\cmake-4.3.2-windows\cmake-4.3.2-windows-x86_64\share\cmake-4.3\Modules\CMakeCInformation.cmake C$:\Users\chanw\AppData\Local\vcpkg\downloads\tools\cmake-4.3.2-windows\cmake-4.3.2-windows-x86_64\share\cmake-4.3\Modules\CMakeCommonLanguageInclude.cmake C$:\Users\chanw\AppData\Local\vcpkg\downloads\tools\cmake-4.3.2-windows\cmake-4.3.2-windows-x86_64\share\cmake-4.3\Modules\CMakeCompilerIdDetection.cmake C$:\Users\chanw\AppData\Local\vcpkg\downloads\tools\cmake-4.3.2-windows\cmake-4.3.2-windows-x86_64\share\cmake-4.3\Modules\CMakeDependentOption.cmake C$:\Users\chanw\AppData\Local\vcpkg\downloads\tools\cmake-4.3.2-windows\cmake-4.3.2-windows-x86_64\share\cmake-4.3\Modules\CMakeDetermineCCompiler.cmake C$:\Users\chanw\AppData\Local\vcpkg\downloads\tools\cmake-4.3.2-windows\cmake-4.3.2-windows-x86_64\share\cmake-4.3\Modules\CMakeDetermineCompiler.cmake C$:\Users\chanw\AppData\Local\vcpkg\downloads\tools\cmake-4.3.2-windows\cmake-4.3.2-windows-x86_64\share\cmake-4.3\Modules\CMakeDetermineCompilerABI.cmake C$:\Users\chanw\AppData\Local\vcpkg\downloads\tools\cmake-4.3.2-windows\cmake-4.3.2-windows-x86_64\share\cmake-4.3\Modules\CMakeDetermineCompilerId.cmake C$:\Users\chanw\AppData\Local\vcpkg\downloads\tools\cmake-4.3.2-windows\cmake-4.3.2-windows-x86_64\share\cmake-4.3\Modules\CMakeDetermineCompilerSupport.cmake C$:\Users\chanw\AppData\Local\vcpkg\downloads\tools\cmake-4.3.2-windows\cmake-4.3.2-windows-x86_64\share\cmake-4.3\Modules\CMakeDetermineRCCompiler.cmake C$:\Users\chanw\AppData\Local\vcpkg\downloads\tools\cmake-4.3.2-windows\cmake-4.3.2-windows-x86_64\share\cmake-4.3\Modules\CMakeDetermineSystem.cmake C$:\Users\chanw\AppData\Local\vcpkg\downloads\tools\cmake-4.3.2-windows\cmake-4.3.2-windows-x86_64\share\cmake-4.3\Modules\CMakeFindBinUtils.cmake C$:\Users\chanw\AppData\Local\vcpkg\downloads\tools\cmake-4.3.2-windows\cmake-4.3.2-windows-x86_64\share\cmake-4.3\Modules\CMakeGenericSystem.cmake C$:\Users\chanw\AppData\Local\vcpkg\downloads\tools\cmake-4.3.2-windows\cmake-4.3.2-windows-x86_64\share\cmake-4.3\Modules\CMakeInitializeConfigs.cmake C$:\Users\chanw\AppData\Local\vcpkg\downloads\tools\cmake-4.3.2-windows\cmake-4.3.2-windows-x86_64\share\cmake-4.3\Modules\CMakeLanguageInformation.cmake C$:\Users\chanw\AppData\Local\vcpkg\downloads\tools\cmake-4.3.2-windows\cmake-4.3.2-windows-x86_64\share\cmake-4.3\Modules\CMakeParseImplicitIncludeInfo.cmake C$:\Users\chanw\AppData\Local\vcpkg\downloads\tools\cmake-4.3.2-windows\cmake-4.3.2-windows-x86_64\share\cmake-4.3\Modules\CMakeParseImplicitLinkInfo.cmake C$:\Users\chanw\AppData\Local\vcpkg\downloads\tools\cmake-4.3.2-windows\cmake-4.3.2-windows-x86_64\share\cmake-4.3\Modules\CMakeParseLibraryArchitecture.cmake C$:\Users\chanw\AppData\Local\vcpkg\downloads\tools\cmake-4.3.2-windows\cmake-4.3.2-windows-x86_64\share\cmake-4.3\Modules\CMakeRCCompiler.cmake.in C$:\Users\chanw\AppData\Local\vcpkg\downloads\tools\cmake-4.3.2-windows\cmake-4.3.2-windows-x86_64\share\cmake-4.3\Modules\CMakeRCInformation.cmake C$:\Users\chanw\AppData\Local\vcpkg\downloads\tools\cmake-4.3.2-windows\cmake-4.3.2-windows-x86_64\share\cmake-4.3\Modules\CMakeSystem.cmake.in C$:\Users\chanw\AppData\Local\vcpkg\downloads\tools\cmake-4.3.2-windows\cmake-4.3.2-windows-x86_64\share\cmake-4.3\Modules\CMakeSystemSpecificInformation.cmake C$:\Users\chanw\AppData\Local\vcpkg\downloads\tools\cmake-4.3.2-windows\cmake-4.3.2-windows-x86_64\share\cmake-4.3\Modules\CMakeSystemSpecificInitialize.cmake C$:\Users\chanw\AppData\Local\vcpkg\downloads\tools\cmake-4.3.2-windows\cmake-4.3.2-windows-x86_64\share\cmake-4.3\Modules\CMakeTestCCompiler.cmake C$:\Users\chanw\AppData\Local\vcpkg\downloads\tools\cmake-4.3.2-windows\cmake-4.3.2-windows-x86_64\share\cmake-4.3\Modules\CMakeTestCompilerCommon.cmake C$:\Users\chanw\AppData\Local\vcpkg\downloads\tools\cmake-4.3.2-windows\cmake-4.3.2-windows-x86_64\share\cmake-4.3\Modules\CMakeTestRCCompiler.cmake C$:\Users\chanw\AppData\Local\vcpkg\downloads\tools\cmake-4.3.2-windows\cmake-4.3.2-windows-x86_64\share\cmake-4.3\Modules\Compiler\ADSP-DetermineCompiler.cmake C$:\Users\chanw\AppData\Local\vcpkg\downloads\tools\cmake-4.3.2-windows\cmake-4.3.2-windows-x86_64\share\cmake-4.3\Modules\Compiler\ARMCC-DetermineCompiler.cmake C$:\Users\chanw\AppData\Local\vcpkg\downloads\tools\cmake-4.3.2-windows\cmake-4.3.2-windows-x86_64\share\cmake-4.3\Modules\Compiler\ARMClang-DetermineCompiler.cmake C$:\Users\chanw\AppData\Local\vcpkg\downloads\tools\cmake-4.3.2-windows\cmake-4.3.2-windows-x86_64\share\cmake-4.3\Modules\Compiler\AppleClang-DetermineCompiler.cmake C$:\Users\chanw\AppData\Local\vcpkg\downloads\tools\cmake-4.3.2-windows\cmake-4.3.2-windows-x86_64\share\cmake-4.3\Modules\Compiler\Borland-DetermineCompiler.cmake C$:\Users\chanw\AppData\Local\vcpkg\downloads\tools\cmake-4.3.2-windows\cmake-4.3.2-windows-x86_64\share\cmake-4.3\Modules\Compiler\Bruce-C-DetermineCompiler.cmake C$:\Users\chanw\AppData\Local\vcpkg\downloads\tools\cmake-4.3.2-windows\cmake-4.3.2-windows-x86_64\share\cmake-4.3\Modules\Compiler\CMakeCommonCompilerMacros.cmake C$:\Users\chanw\AppData\Local\vcpkg\downloads\tools\cmake-4.3.2-windows\cmake-4.3.2-windows-x86_64\share\cmake-4.3\Modules\Compiler\Clang-DetermineCompiler.cmake C$:\Users\chanw\AppData\Local\vcpkg\downloads\tools\cmake-4.3.2-windows\cmake-4.3.2-windows-x86_64\share\cmake-4.3\Modules\Compiler\Clang-DetermineCompilerInternal.cmake C$:\Users\chanw\AppData\Local\vcpkg\downloads\tools\cmake-4.3.2-windows\cmake-4.3.2-windows-x86_64\share\cmake-4.3\Modules\Compiler\Compaq-C-DetermineCompiler.cmake C$:\Users\chanw\AppData\Local\vcpkg\downloads\tools\cmake-4.3.2-windows\cmake-4.3.2-windows-x86_64\share\cmake-4.3\Modules\Compiler\Cray-DetermineCompiler.cmake C$:\Users\chanw\AppData\Local\vcpkg\downloads\tools\cmake-4.3.2-windows\cmake-4.3.2-windows-x86_64\share\cmake-4.3\Modules\Compiler\CrayClang-DetermineCompiler.cmake C$:\Users\chanw\AppData\Local\vcpkg\downloads\tools\cmake-4.3.2-windows\cmake-4.3.2-windows-x86_64\share\cmake-4.3\Modules\Compiler\Diab-DetermineCompiler.cmake C$:\Users\chanw\AppData\Local\vcpkg\downloads\tools\cmake-4.3.2-windows\cmake-4.3.2-windows-x86_64\share\cmake-4.3\Modules\Compiler\Embarcadero-DetermineCompiler.cmake C$:\Users\chanw\AppData\Local\vcpkg\downloads\tools\cmake-4.3.2-windows\cmake-4.3.2-windows-x86_64\share\cmake-4.3\Modules\Compiler\Fujitsu-DetermineCompiler.cmake C$:\Users\chanw\AppData\Local\vcpkg\downloads\tools\cmake-4.3.2-windows\cmake-4.3.2-windows-x86_64\share\cmake-4.3\Modules\Compiler\FujitsuClang-DetermineCompiler.cmake C$:\Users\chanw\AppData\Local\vcpkg\downloads\tools\cmake-4.3.2-windows\cmake-4.3.2-windows-x86_64\share\cmake-4.3\Modules\Compiler\GHS-DetermineCompiler.cmake C$:\Users\chanw\AppData\Local\vcpkg\downloads\tools\cmake-4.3.2-windows\cmake-4.3.2-windows-x86_64\share\cmake-4.3\Modules\Compiler\GNU-C-DetermineCompiler.cmake C$:\Users\chanw\AppData\Local\vcpkg\downloads\tools\cmake-4.3.2-windows\cmake-4.3.2-windows-x86_64\share\cmake-4.3\Modules\Compiler\HP-C-DetermineCompiler.cmake C$:\Users\chanw\AppData\Local\vcpkg\downloads\tools\cmake-4.3.2-windows\cmake-4.3.2-windows-x86_64\share\cmake-4.3\Modules\Compiler\IAR-DetermineCompiler.cmake C$:\Users\chanw\AppData\Local\vcpkg\downloads\tools\cmake-4.3.2-windows\cmake-4.3.2-windows-x86_64\share\cmake-4.3\Modules\Compiler\IBMCPP-C-DetermineVersionInternal.cmake C$:\Users\chanw\AppData\Local\vcpkg\downloads\tools\cmake-4.3.2-windows\cmake-4.3.2-windows-x86_64\share\cmake-4.3\Modules\Compiler\IBMClang-C-DetermineCompiler.cmake C$:\Users\chanw\AppData\Local\vcpkg\downloads\tools\cmake-4.3.2-windows\cmake-4.3.2-windows-x86_64\share\cmake-4.3\Modules\Compiler\Intel-DetermineCompiler.cmake C$:\Users\chanw\AppData\Local\vcpkg\downloads\tools\cmake-4.3.2-windows\cmake-4.3.2-windows-x86_64\share\cmake-4.3\Modules\Compiler\IntelLLVM-DetermineCompiler.cmake C$:\Users\chanw\AppData\Local\vcpkg\downloads\tools\cmake-4.3.2-windows\cmake-4.3.2-windows-x86_64\share\cmake-4.3\Modules\Compiler\LCC-C-DetermineCompiler.cmake C$:\Users\chanw\AppData\Local\vcpkg\downloads\tools\cmake-4.3.2-windows\cmake-4.3.2-windows-x86_64\share\cmake-4.3\Modules\Compiler\MSVC-C.cmake C$:\Users\chanw\AppData\Local\vcpkg\downloads\tools\cmake-4.3.2-windows\cmake-4.3.2-windows-x86_64\share\cmake-4.3\Modules\Compiler\MSVC-DetermineCompiler.cmake C$:\Users\chanw\AppData\Local\vcpkg\downloads\tools\cmake-4.3.2-windows\cmake-4.3.2-windows-x86_64\share\cmake-4.3\Modules\Compiler\MSVC.cmake C$:\Users\chanw\AppData\Local\vcpkg\downloads\tools\cmake-4.3.2-windows\cmake-4.3.2-windows-x86_64\share\cmake-4.3\Modules\Compiler\NVHPC-DetermineCompiler.cmake C$:\Users\chanw\AppData\Local\vcpkg\downloads\tools\cmake-4.3.2-windows\cmake-4.3.2-windows-x86_64\share\cmake-4.3\Modules\Compiler\NVIDIA-DetermineCompiler.cmake C$:\Users\chanw\AppData\Local\vcpkg\downloads\tools\cmake-4.3.2-windows\cmake-4.3.2-windows-x86_64\share\cmake-4.3\Modules\Compiler\OpenWatcom-DetermineCompiler.cmake C$:\Users\chanw\AppData\Local\vcpkg\downloads\tools\cmake-4.3.2-windows\cmake-4.3.2-windows-x86_64\share\cmake-4.3\Modules\Compiler\OrangeC-DetermineCompiler.cmake C$:\Users\chanw\AppData\Local\vcpkg\downloads\tools\cmake-4.3.2-windows\cmake-4.3.2-windows-x86_64\share\cmake-4.3\Modules\Compiler\PGI-DetermineCompiler.cmake C$:\Users\chanw\AppData\Local\vcpkg\downloads\tools\cmake-4.3.2-windows\cmake-4.3.2-windows-x86_64\share\cmake-4.3\Modules\Compiler\PathScale-DetermineCompiler.cmake C$:\Users\chanw\AppData\Local\vcpkg\downloads\tools\cmake-4.3.2-windows\cmake-4.3.2-windows-x86_64\share\cmake-4.3\Modules\Compiler\Renesas-DetermineCompiler.cmake C$:\Users\chanw\AppData\Local\vcpkg\downloads\tools\cmake-4.3.2-windows\cmake-4.3.2-windows-x86_64\share\cmake-4.3\Modules\Compiler\SCO-DetermineCompiler.cmake C$:\Users\chanw\AppData\Local\vcpkg\downloads\tools\cmake-4.3.2-windows\cmake-4.3.2-windows-x86_64\share\cmake-4.3\Modules\Compiler\SDCC-C-DetermineCompiler.cmake C$:\Users\chanw\AppData\Local\vcpkg\downloads\tools\cmake-4.3.2-windows\cmake-4.3.2-windows-x86_64\share\cmake-4.3\Modules\Compiler\SunPro-C-DetermineCompiler.cmake C$:\Users\chanw\AppData\Local\vcpkg\downloads\tools\cmake-4.3.2-windows\cmake-4.3.2-windows-x86_64\share\cmake-4.3\Modules\Compiler\TI-DetermineCompiler.cmake C$:\Users\chanw\AppData\Local\vcpkg\downloads\tools\cmake-4.3.2-windows\cmake-4.3.2-windows-x86_64\share\cmake-4.3\Modules\Compiler\TIClang-DetermineCompiler.cmake C$:\Users\chanw\AppData\Local\vcpkg\downloads\tools\cmake-4.3.2-windows\cmake-4.3.2-windows-x86_64\share\cmake-4.3\Modules\Compiler\Tasking-DetermineCompiler.cmake C$:\Users\chanw\AppData\Local\vcpkg\downloads\tools\cmake-4.3.2-windows\cmake-4.3.2-windows-x86_64\share\cmake-4.3\Modules\Compiler\TinyCC-C-DetermineCompiler.cmake C$:\Users\chanw\AppData\Local\vcpkg\downloads\tools\cmake-4.3.2-windows\cmake-4.3.2-windows-x86_64\share\cmake-4.3\Modules\Compiler\VisualAge-C-DetermineCompiler.cmake C$:\Users\chanw\AppData\Local\vcpkg\downloads\tools\cmake-4.3.2-windows\cmake-4.3.2-windows-x86_64\share\cmake-4.3\Modules\Compiler\Watcom-DetermineCompiler.cmake C$:\Users\chanw\AppData\Local\vcpkg\downloads\tools\cmake-4.3.2-windows\cmake-4.3.2-windows-x86_64\share\cmake-4.3\Modules\Compiler\XL-C-DetermineCompiler.cmake C$:\Users\chanw\AppData\Local\vcpkg\downloads\tools\cmake-4.3.2-windows\cmake-4.3.2-windows-x86_64\share\cmake-4.3\Modules\Compiler\XLClang-C-DetermineCompiler.cmake C$:\Users\chanw\AppData\Local\vcpkg\downloads\tools\cmake-4.3.2-windows\cmake-4.3.2-windows-x86_64\share\cmake-4.3\Modules\Compiler\zOS-C-DetermineCompiler.cmake C$:\Users\chanw\AppData\Local\vcpkg\downloads\tools\cmake-4.3.2-windows\cmake-4.3.2-windows-x86_64\share\cmake-4.3\Modules\FindOpenGL.cmake C$:\Users\chanw\AppData\Local\vcpkg\downloads\tools\cmake-4.3.2-windows\cmake-4.3.2-windows-x86_64\share\cmake-4.3\Modules\FindPackageHandleStandardArgs.cmake C$:\Users\chanw\AppData\Local\vcpkg\downloads\tools\cmake-4.3.2-windows\cmake-4.3.2-windows-x86_64\share\cmake-4.3\Modules\FindPackageMessage.cmake C$:\Users\chanw\AppData\Local\vcpkg\downloads\tools\cmake-4.3.2-windows\cmake-4.3.2-windows-x86_64\share\cmake-4.3\Modules\GNUInstallDirs.cmake C$:\Users\chanw\AppData\Local\vcpkg\downloads\tools\cmake-4.3.2-windows\cmake-4.3.2-windows-x86_64\share\cmake-4.3\Modules\Internal\CMakeCLinkerInformation.cmake C$:\Users\chanw\AppData\Local\vcpkg\downloads\tools\cmake-4.3.2-windows\cmake-4.3.2-windows-x86_64\share\cmake-4.3\Modules\Internal\CMakeCommonLinkerInformation.cmake C$:\Users\chanw\AppData\Local\vcpkg\downloads\tools\cmake-4.3.2-windows\cmake-4.3.2-windows-x86_64\share\cmake-4.3\Modules\Internal\CMakeDetermineLinkerId.cmake C$:\Users\chanw\AppData\Local\vcpkg\downloads\tools\cmake-4.3.2-windows\cmake-4.3.2-windows-x86_64\share\cmake-4.3\Modules\Internal\CMakeInspectCLinker.cmake C$:\Users\chanw\AppData\Local\vcpkg\downloads\tools\cmake-4.3.2-windows\cmake-4.3.2-windows-x86_64\share\cmake-4.3\Modules\Internal\FeatureTesting.cmake C$:\Users\chanw\AppData\Local\vcpkg\downloads\tools\cmake-4.3.2-windows\cmake-4.3.2-windows-x86_64\share\cmake-4.3\Modules\Linker\MSVC-C.cmake C$:\Users\chanw\AppData\Local\vcpkg\downloads\tools\cmake-4.3.2-windows\cmake-4.3.2-windows-x86_64\share\cmake-4.3\Modules\Linker\MSVC.cmake C$:\Users\chanw\AppData\Local\vcpkg\downloads\tools\cmake-4.3.2-windows\cmake-4.3.2-windows-x86_64\share\cmake-4.3\Modules\Platform\Linker\Windows-MSVC-C.cmake C$:\Users\chanw\AppData\Local\vcpkg\downloads\tools\cmake-4.3.2-windows\cmake-4.3.2-windows-x86_64\share\cmake-4.3\Modules\Platform\Linker\Windows-MSVC.cmake C$:\Users\chanw\AppData\Local\vcpkg\downloads\tools\cmake-4.3.2-windows\cmake-4.3.2-windows-x86_64\share\cmake-4.3\Modules\Platform\Windows-Initialize.cmake C$:\Users\chanw\AppData\Local\vcpkg\downloads\tools\cmake-4.3.2-windows\cmake-4.3.2-windows-x86_64\share\cmake-4.3\Modules\Platform\Windows-MSVC-C.cmake C$:\Users\chanw\AppData\Local\vcpkg\downloads\tools\cmake-4.3.2-windows\cmake-4.3.2-windows-x86_64\share\cmake-4.3\Modules\Platform\Windows-MSVC.cmake C$:\Users\chanw\AppData\Local\vcpkg\downloads\tools\cmake-4.3.2-windows\cmake-4.3.2-windows-x86_64\share\cmake-4.3\Modules\Platform\Windows.cmake C$:\Users\chanw\AppData\Local\vcpkg\downloads\tools\cmake-4.3.2-windows\cmake-4.3.2-windows-x86_64\share\cmake-4.3\Modules\Platform\WindowsPaths.cmake C$:\Users\chanw\OneDrive\Desktop\과제\2학년\컴퓨터$ 그래픽스\Project2\vcpkg_installed\x64-windows\vcpkg\blds\glew\src\glew-8cf78e348c.clean\build\cmake\CMakeLists.txt C$:\Users\chanw\OneDrive\Desktop\과제\2학년\컴퓨터$ 그래픽스\Project2\vcpkg_installed\x64-windows\vcpkg\blds\glew\src\glew-8cf78e348c.clean\build\cmake\cmake_uninstall.cmake.in C$:\Users\chanw\OneDrive\Desktop\과제\2학년\컴퓨터$ 그래픽스\Project2\vcpkg_installed\x64-windows\vcpkg\blds\glew\src\glew-8cf78e348c.clean\glew.pc.in CMakeCache.txt CMakeFiles\4.3.2\CMakeCCompiler.cmake CMakeFiles\4.3.2\CMakeRCCompiler.cmake CMakeFiles\4.3.2\CMakeSystem.cmake: phony


#############################################
# Clean all the built files.

build clean: CLEAN


#############################################
# Print all primary targets available.

build help: HELP


#############################################
# Make the all target the default.

default all
