c:\users\chanw\onedrive\desktop\과제\2학년\컴퓨터 그래픽스\project2\project2\x64\debug\vc145.pdb
c:\users\chanw\onedrive\desktop\과제\2학년\컴퓨터 그래픽스\project2\project2\x64\debug\vc145.idb
c:\users\chanw\onedrive\desktop\과제\2학년\컴퓨터 그래픽스\project2\project2\x64\debug\1-5.obj
c:\users\chanw\onedrive\desktop\과제\2학년\컴퓨터 그래픽스\project2\x64\debug\project2.exe
c:\users\chanw\onedrive\desktop\과제\2학년\컴퓨터 그래픽스\project2\x64\debug\project2.pdb
c:\users\chanw\onedrive\desktop\과제\2학년\컴퓨터 그래픽스\project2\x64\debug\glew32d.dll
c:\users\chanw\onedrive\desktop\과제\2학년\컴퓨터 그래픽스\project2\x64\debug\glfw3.dll
c:\users\chanw\onedrive\desktop\과제\2학년\컴퓨터 그래픽스\project2\project2\x64\debug\project2.ilk
c:\users\chanw\onedrive\desktop\과제\2학년\컴퓨터 그래픽스\project2\project2\x64\debug\1-1.obj
c:\users\chanw\onedrive\desktop\과제\2학년\컴퓨터 그래픽스\project2\project2\x64\debug\1-2.obj
c:\users\chanw\onedrive\desktop\과제\2학년\컴퓨터 그래픽스\project2\project2\x64\debug\1-3.obj
c:\users\chanw\onedrive\desktop\과제\2학년\컴퓨터 그래픽스\project2\project2\x64\debug\1-4.obj
c:\users\chanw\onedrive\desktop\과제\2학년\컴퓨터 그래픽스\project2\project2\x64\debug\project2.pdb
c:\users\chanw\onedrive\desktop\과제\2학년\컴퓨터 그래픽스\project2\project2\x64\debug\project2.tlog\cl.command.1.tlog
c:\users\chanw\onedrive\desktop\과제\2학년\컴퓨터 그래픽스\project2\project2\x64\debug\project2.tlog\cl.items.tlog
c:\users\chanw\onedrive\desktop\과제\2학년\컴퓨터 그래픽스\project2\project2\x64\debug\project2.tlog\cl.read.1.tlog
c:\users\chanw\onedrive\desktop\과제\2학년\컴퓨터 그래픽스\project2\project2\x64\debug\project2.tlog\cl.write.1.tlog
c:\users\chanw\onedrive\desktop\과제\2학년\컴퓨터 그래픽스\project2\project2\x64\debug\project2.tlog\link.command.1.tlog
c:\users\chanw\onedrive\desktop\과제\2학년\컴퓨터 그래픽스\project2\project2\x64\debug\project2.tlog\link.read.1.tlog
c:\users\chanw\onedrive\desktop\과제\2학년\컴퓨터 그래픽스\project2\project2\x64\debug\project2.tlog\link.secondary.1.tlog
c:\users\chanw\onedrive\desktop\과제\2학년\컴퓨터 그래픽스\project2\project2\x64\debug\project2.tlog\link.write.1.tlog
c:\users\chanw\onedrive\desktop\과제\2학년\컴퓨터 그래픽스\project2\project2\x64\debug\project2.tlog\project2.write.1u.tlog
